<?xml version="1.0" encoding="utf-8"?><testsuites name="pytest tests"><testsuite name="pytest" errors="1" failures="0" skipped="0" tests="1" time="3.651" timestamp="2025-09-28T06:29:37.908752-05:00" hostname="Jash"><testcase classname="" name="tests.accessibility.test_accessibility_comprehensive" time="0.000"><error message="collection failure">ImportError while importing test module '/home/azureuser/final-hms/tests/accessibility/test_accessibility_comprehensive.py'.
Hint: make sure your test modules/packages have valid Python names.
Traceback:
/usr/lib/python3.12/importlib/__init__.py:90: in import_module
    return _bootstrap._gcd_import(name[level:], package, level)
           ^^^^^^^^^^^^^^^^^^^^^^^^^^^^^^^^^^^^^^^^^^^^^^^^^^^^
tests/accessibility/test_accessibility_comprehensive.py:12: in &lt;module&gt;
    from bs4 import BeautifulSoup
E   ModuleNotFoundError: No module named 'bs4'</error></testcase></testsuite></testsuites>